
> algoplay@0.1.0 build
> next build

node.exe : ΓÜá Warning: 
Next.js inferred your 
workspace root, but it may 
not be correct.
At line:1 char:1
+ & "C:\Program 
Files\nodejs/node.exe" 
"C:\Program 
Files\nodejs/node_mo ...
+ ~~~~~~~~~~~~~~~~~~~~~~~~~~~
~~~~~~~~~~~~~~~~~~~~~~~~~~~~~
~~~~~~~~~~~~~
    + CategoryInfo           
   : NotSpecified: (ΓÜá War  
  ning: Ne...not be correc   
 t.:String) [], RemoteExc    
eption
    + FullyQualifiedErrorId  
   : NativeCommandError
 
 We detected multiple 
lockfiles and selected the 
directory of C:\Users\shish\p
ackage-lock.json as the root 
directory.
 To silence this warning, 
set `turbopack.root` in your 
Next.js config, or consider 
removing one of the 
lockfiles if it's not needed.
   See https://nextjs.org/doc
s/app/api-reference/config/ne
xt-config-js/turbopack#root-d
irectory for more 
information.
 Detected additional 
lockfiles: 
   * C:\Users\shish\algoplay\
package-lock.json

Γû▓ Next.js 16.1.6 (Turbopack)
- Environments: .env.local

  Creating an optimized production build ...

> Build error occurred
Error: Turbopack build 
failed with 1 errors:
./algoplay/app/auth/callback/
route.ts:23:5
Parsing ecmascript source 
code failed
[0m [90m 21 |[39m         
}[33m,[39m
 [90m 22 |[39m       }
[31m[1m>[22m[39m[90m 23 
|[39m     )[33m;[39m
 [90m    |[39m     
[31m[1m^[22m[39m
 [90m 24 |[39m     
[36mconst[39m { error } 
[33m=[39m [36mawait[39m s
upabase[33m.[39mauth[33m.
[39mexchangeCodeForSession(co
de)[33m;[39m
 [90m 25 |[39m     
[36mif[39m 
([33m![39merror) 
[36mreturn[39m [33mNextRes
ponse[39m[33m.[39mredirect
([32m`${origin}${next}`[39m
)[33m;[39m
 [90m 26 |[39m   }[0m

Expected ',', got ')'


    at <unknown> (./algoplay/
app/auth/callback/route.ts:23
:5)
